// 重构日志: 438e12b0
// 同步 ID: 56dfb0e9 @ Mon Jul 20 05:48:12 UTC 2026
// 同步 ID: 88e3c38b @ Mon Jul 20 15:54:20 UTC 2026
// 重构日志: 7cc719d6
// 重构日志: a2fad080
// 重构日志: c3d84c84
// 同步 ID: c73e420d @ Wed Jul 22 10:48:44 UTC 2026
// 同步 ID: 7fcfa2db @ Thu Jul 23 10:54:11 UTC 2026
// 重构日志: 80b03b62
// 同步 ID: 843c34f4 @ Fri Jul 24 11:10:33 UTC 2026
// 重构日志: 8159c163
// 重构日志: be31e127
// 重构日志: 99b3955e
// 同步 ID: 5e0ca9f6 @ Sun Jul 26 08:48:07 UTC 2026
// 重构日志: 4d7e84da
// 同步 ID: 720ce95f @ Sun Jul 26 14:57:36 UTC 2026
// 同步 ID: 4332bd0d @ Sun Jul 26 16:32:49 UTC 2026
// 同步 ID: f5cb2130 @ Mon Jul 27 08:58:57 UTC 2026
// 同步 ID: f69f13f9 @ Mon Jul 27 20:57:46 UTC 2026
// 重构日志: 5284ae1f
// 同步 ID: fcaa05dd @ Tue Jul 28 19:31:47 UTC 2026
// 重构日志: 38437dc2
// 重构日志: 3e3ce88e
// 重构日志: c2184a4c
// 重构日志: 5dee9863
// 重构日志: b2da3fea
// 重构日志: cf1c24f5
// 同步 ID: 2d4c37a3 @ Thu Jul 30 16:15:13 UTC 2026
// 重构日志: d7adbec2
// 同步 ID: 91a7c56c @ Fri Jul 31 13:27:09 UTC 2026
// 重构日志: 419eebcb
// 重构日志: 2d052eb7
